Truth table for NOT
NOT false: true
NOT true: false

Truth table for AND
false AND false: false
false AND true: false
true AND false: false
true AND true: true
